This file contains any messages produced by compilers while
running configure, to aid debugging if configure makes a mistake.

It was created by configure, which was
generated by GNU Autoconf 2.57.  Invocation command line was

  $ ./configure --enable-alsa --with-tcl=/usr/lib/tcl8.6 --with-tk=/usr/lib

## --------- ##
## Platform. ##
## --------- ##

hostname = runnervm35a4x
uname -m = x86_64
uname -r = 6.17.0-1010-azure
uname -s = Linux
uname -v = #10~24.04.1-Ubuntu SMP Fri Mar  6 22:00:57 UTC 2026

/usr/bin/uname -p = x86_64
/bin/uname -X     = unknown

/bin/arch              = x86_64
/usr/bin/arch -k       = unknown
/usr/convex/getsysinfo = unknown
hostinfo               = unknown
/bin/machine           = unknown
/usr/bin/oslevel       = unknown
/bin/universe          = unknown

PATH: /home/runner/work/_temp/ghcca-node/node/bin
PATH: /snap/bin
PATH: /home/runner/.local/bin
PATH: /opt/pipx_bin
PATH: /home/runner/.cargo/bin
PATH: /home/runner/.config/composer/vendor/bin
PATH: /usr/local/.ghcup/bin
PATH: /home/runner/.dotnet/tools
PATH: /usr/local/sbin
PATH: /usr/local/bin
PATH: /usr/sbin
PATH: /usr/bin
PATH: /sbin
PATH: /bin
PATH: /usr/games
PATH: /usr/local/games
PATH: /snap/bin


## ----------- ##
## Core tests. ##
## ----------- ##

configure:1294: checking for Tcl configuration
configure:1362: result: found /usr/lib/tcl8.6/tclConfig.sh
configure:1389: checking for Tk configuration
configure:1454: result: found /usr/lib/tkConfig.sh
configure:1664: result: will use stubs (normal)
configure:1701: result: will use ALSA
configure:1759: checking for gcc
configure:1785: result: x86_64-linux-gnu-gcc
configure:2029: checking for C compiler version
configure:2032: x86_64-linux-gnu-gcc --version </dev/null >&5
x86_64-linux-gnu-gcc (Ubuntu 13.3.0-6ubuntu2~24.04.1) 13.3.0
Copyright (C) 2023 Free Software Foundation, Inc.
This is free software; see the source for copying conditions.  There is NO
warranty; not even for MERCHANTABILITY or FITNESS FOR A PARTICULAR PURPOSE.

configure:2035: $? = 0
configure:2037: x86_64-linux-gnu-gcc -v </dev/null >&5
Using built-in specs.
COLLECT_GCC=x86_64-linux-gnu-gcc
COLLECT_LTO_WRAPPER=/usr/libexec/gcc/x86_64-linux-gnu/13/lto-wrapper
OFFLOAD_TARGET_NAMES=nvptx-none:amdgcn-amdhsa
OFFLOAD_TARGET_DEFAULT=1
Target: x86_64-linux-gnu
Configured with: ../src/configure -v --with-pkgversion='Ubuntu 13.3.0-6ubuntu2~24.04.1' --with-bugurl=file:///usr/share/doc/gcc-13/README.Bugs --enable-languages=c,ada,c++,go,d,fortran,objc,obj-c++,m2 --prefix=/usr --with-gcc-major-version-only --program-suffix=-13 --program-prefix=x86_64-linux-gnu- --enable-shared --enable-linker-build-id --libexecdir=/usr/libexec --without-included-gettext --enable-threads=posix --libdir=/usr/lib --enable-nls --enable-bootstrap --enable-clocale=gnu --enable-libstdcxx-debug --enable-libstdcxx-time=yes --with-default-libstdcxx-abi=new --enable-libstdcxx-backtrace --enable-gnu-unique-object --disable-vtable-verify --enable-plugin --enable-default-pie --with-system-zlib --enable-libphobos-checking=release --with-target-system-zlib=auto --enable-objc-gc=auto --enable-multiarch --disable-werror --enable-cet --with-arch-32=i686 --with-abi=m64 --with-multilib-list=m32,m64,mx32 --enable-multilib --with-tune=generic --enable-offload-targets=nvptx-none=/build/gcc-13-EldibY/gcc-13-13.3.0/debian/tmp-nvptx/usr,amdgcn-amdhsa=/build/gcc-13-EldibY/gcc-13-13.3.0/debian/tmp-gcn/usr --enable-offload-defaulted --without-cuda-driver --enable-checking=release --build=x86_64-linux-gnu --host=x86_64-linux-gnu --target=x86_64-linux-gnu --with-build-config=bootstrap-lto-lean --enable-link-serialization=2
Thread model: posix
Supported LTO compression algorithms: zlib zstd
gcc version 13.3.0 (Ubuntu 13.3.0-6ubuntu2~24.04.1) 
configure:2040: $? = 0
configure:2042: x86_64-linux-gnu-gcc -V </dev/null >&5
x86_64-linux-gnu-gcc: error: unrecognized command-line option '-V'
x86_64-linux-gnu-gcc: fatal error: no input files
compilation terminated.
configure:2045: $? = 1
configure:2069: checking for C compiler default output
configure:2072: x86_64-linux-gnu-gcc -fPIC -DUSE_TCL_STUBS -DUSE_TK_STUBS   conftest.c  >&5
configure:2075: $? = 0
configure:2121: result: a.out
configure:2126: checking whether the C compiler works
configure:2132: ./a.out
configure:2135: $? = 0
configure:2152: result: yes
configure:2159: checking whether we are cross compiling
configure:2161: result: no
configure:2164: checking for suffix of executables
configure:2166: x86_64-linux-gnu-gcc -o conftest -fPIC -DUSE_TCL_STUBS -DUSE_TK_STUBS   conftest.c  >&5
configure:2169: $? = 0
configure:2194: result: 
configure:2200: checking for suffix of object files
configure:2222: x86_64-linux-gnu-gcc -c -fPIC -DUSE_TCL_STUBS -DUSE_TK_STUBS  conftest.c >&5
configure:2225: $? = 0
configure:2247: result: o
configure:2251: checking whether we are using the GNU C compiler
configure:2276: x86_64-linux-gnu-gcc -c -fPIC -DUSE_TCL_STUBS -DUSE_TK_STUBS  conftest.c >&5
configure:2279: $? = 0
configure:2282: test -s conftest.o
configure:2285: $? = 0
configure:2298: result: yes
configure:2304: checking whether x86_64-linux-gnu-gcc accepts -g
configure:2326: x86_64-linux-gnu-gcc -c -g  conftest.c >&5
configure:2329: $? = 0
configure:2332: test -s conftest.o
configure:2335: $? = 0
configure:2346: result: yes
configure:2363: checking for x86_64-linux-gnu-gcc option to accept ANSI C
configure:2424: x86_64-linux-gnu-gcc  -c -fPIC -DUSE_TCL_STUBS -DUSE_TK_STUBS  conftest.c >&5
configure:2427: $? = 0
configure:2430: test -s conftest.o
configure:2433: $? = 0
configure:2451: result: none needed
configure:2469: x86_64-linux-gnu-gcc -c -fPIC -DUSE_TCL_STUBS -DUSE_TK_STUBS  conftest.c >&5
conftest.c:2:3: error: unknown type name 'choke'
    2 |   choke me
      |   ^~~~~
conftest.c:2:3: error: expected '=', ',', ';', 'asm' or '__attribute__' at end of input
configure:2472: $? = 1
configure: failed program was:
| #ifndef __cplusplus
|   choke me
| #endif
configure:2587: checking how to run the C preprocessor
configure:2623: x86_64-linux-gnu-gcc -E  conftest.c
configure:2629: $? = 0
configure:2661: x86_64-linux-gnu-gcc -E  conftest.c
configure:2660:10: fatal error: ac_nonexistent.h: No such file or directory
 2660 | _ACEOF
      |          ^                 
compilation terminated.
configure:2667: $? = 1
configure: failed program was:
| #line 2652 "configure"
| /* confdefs.h.  */
| 
| #define PACKAGE_NAME ""
| #define PACKAGE_TARNAME ""
| #define PACKAGE_VERSION ""
| #define PACKAGE_STRING ""
| #define PACKAGE_BUGREPORT ""
| /* end confdefs.h.  */
| #include <ac_nonexistent.h>
configure:2705: result: x86_64-linux-gnu-gcc -E
configure:2730: x86_64-linux-gnu-gcc -E  conftest.c
configure:2736: $? = 0
configure:2768: x86_64-linux-gnu-gcc -E  conftest.c
configure:2767:10: fatal error: ac_nonexistent.h: No such file or directory
 2767 | _ACEOF
      |          ^                 
compilation terminated.
configure:2774: $? = 1
configure: failed program was:
| #line 2759 "configure"
| /* confdefs.h.  */
| 
| #define PACKAGE_NAME ""
| #define PACKAGE_TARNAME ""
| #define PACKAGE_VERSION ""
| #define PACKAGE_STRING ""
| #define PACKAGE_BUGREPORT ""
| /* end confdefs.h.  */
| #include <ac_nonexistent.h>
configure:2817: checking for egrep
configure:2827: result: grep -E
configure:2832: checking for ANSI C header files
configure:2858: x86_64-linux-gnu-gcc -c -fPIC -DUSE_TCL_STUBS -DUSE_TK_STUBS  conftest.c >&5
configure:2861: $? = 0
configure:2864: test -s conftest.o
configure:2867: $? = 0
configure:2959: x86_64-linux-gnu-gcc -o conftest -fPIC -DUSE_TCL_STUBS -DUSE_TK_STUBS   conftest.c  >&5
configure: In function 'main':
configure:2952:7: warning: implicit declaration of function 'exit' [-Wimplicit-function-declaration]
 2952 |     if (XOR (islower (i), ISLOWER (i))
      |       ^~~~
configure:2936:1: note: include '<stdlib.h>' or provide a declaration of 'exit'
 2935 | #if ((' ' & 0x0FF) == 0x020)
  +++ |+#include <stdlib.h>
 2936 | # define ISLOWER(c) ('a' <= (c) && (c) <= 'z')
configure:2952:7: warning: incompatible implicit declaration of built-in function 'exit' [-Wbuiltin-declaration-mismatch]
 2952 |     if (XOR (islower (i), ISLOWER (i))
      |       ^~~~
configure:2952:7: note: include '<stdlib.h>' or provide a declaration of 'exit'
configure:2953:3: warning: incompatible implicit declaration of built-in function 'exit' [-Wbuiltin-declaration-mismatch]
 2953 |         || toupper (i) != TOUPPER (i))
      |   ^   
configure:2953:3: note: include '<stdlib.h>' or provide a declaration of 'exit'
configure:2962: $? = 0
configure:2964: ./conftest
configure:2967: $? = 0
configure:2982: result: yes
configure:3006: checking for sys/types.h
configure:3023: x86_64-linux-gnu-gcc -c -fPIC -DUSE_TCL_STUBS -DUSE_TK_STUBS  conftest.c >&5
configure:3026: $? = 0
configure:3029: test -s conftest.o
configure:3032: $? = 0
configure:3043: result: yes
configure:3006: checking for sys/stat.h
configure:3023: x86_64-linux-gnu-gcc -c -fPIC -DUSE_TCL_STUBS -DUSE_TK_STUBS  conftest.c >&5
configure:3026: $? = 0
configure:3029: test -s conftest.o
configure:3032: $? = 0
configure:3043: result: yes
configure:3006: checking for stdlib.h
configure:3023: x86_64-linux-gnu-gcc -c -fPIC -DUSE_TCL_STUBS -DUSE_TK_STUBS  conftest.c >&5
configure:3026: $? = 0
configure:3029: test -s conftest.o
configure:3032: $? = 0
configure:3043: result: yes
configure:3006: checking for string.h
configure:3023: x86_64-linux-gnu-gcc -c -fPIC -DUSE_TCL_STUBS -DUSE_TK_STUBS  conftest.c >&5
configure:3026: $? = 0
configure:3029: test -s conftest.o
configure:3032: $? = 0
configure:3043: result: yes
configure:3006: checking for memory.h
configure:3023: x86_64-linux-gnu-gcc -c -fPIC -DUSE_TCL_STUBS -DUSE_TK_STUBS  conftest.c >&5
configure:3026: $? = 0
configure:3029: test -s conftest.o
configure:3032: $? = 0
configure:3043: result: yes
configure:3006: checking for strings.h
configure:3023: x86_64-linux-gnu-gcc -c -fPIC -DUSE_TCL_STUBS -DUSE_TK_STUBS  conftest.c >&5
configure:3026: $? = 0
configure:3029: test -s conftest.o
configure:3032: $? = 0
configure:3043: result: yes
configure:3006: checking for inttypes.h
configure:3023: x86_64-linux-gnu-gcc -c -fPIC -DUSE_TCL_STUBS -DUSE_TK_STUBS  conftest.c >&5
configure:3026: $? = 0
configure:3029: test -s conftest.o
configure:3032: $? = 0
configure:3043: result: yes
configure:3006: checking for stdint.h
configure:3023: x86_64-linux-gnu-gcc -c -fPIC -DUSE_TCL_STUBS -DUSE_TK_STUBS  conftest.c >&5
configure:3026: $? = 0
configure:3029: test -s conftest.o
configure:3032: $? = 0
configure:3043: result: yes
configure:3006: checking for unistd.h
configure:3023: x86_64-linux-gnu-gcc -c -fPIC -DUSE_TCL_STUBS -DUSE_TK_STUBS  conftest.c >&5
configure:3026: $? = 0
configure:3029: test -s conftest.o
configure:3032: $? = 0
configure:3043: result: yes
configure:3215: creating ./config.status

## ---------------------- ##
## Running config.status. ##
## ---------------------- ##

This file was extended by config.status, which was
generated by GNU Autoconf 2.57.  Invocation command line was

  CONFIG_FILES    = 
  CONFIG_HEADERS  = 
  CONFIG_LINKS    = 
  CONFIG_COMMANDS = 
  $ ./config.status 

on runnervm35a4x

config.status:629: creating Makefile
config.status:629: creating snackConfig.sh

## ---------------- ##
## Cache variables. ##
## ---------------- ##

ac_cv_c_compiler_gnu=yes
ac_cv_c_tclconfig=/usr/lib/tcl8.6
ac_cv_c_tkconfig=/usr/lib
ac_cv_env_CC_set=
ac_cv_env_CC_value=
ac_cv_env_CFLAGS_set=
ac_cv_env_CFLAGS_value=
ac_cv_env_CPPFLAGS_set=
ac_cv_env_CPPFLAGS_value=
ac_cv_env_CPP_set=
ac_cv_env_CPP_value=
ac_cv_env_LDFLAGS_set=
ac_cv_env_LDFLAGS_value=
ac_cv_env_build_alias_set=
ac_cv_env_build_alias_value=
ac_cv_env_host_alias_set=
ac_cv_env_host_alias_value=
ac_cv_env_target_alias_set=
ac_cv_env_target_alias_value=
ac_cv_exeext=
ac_cv_header_inttypes_h=yes
ac_cv_header_memory_h=yes
ac_cv_header_stdc=yes
ac_cv_header_stdint_h=yes
ac_cv_header_stdlib_h=yes
ac_cv_header_string_h=yes
ac_cv_header_strings_h=yes
ac_cv_header_sys_stat_h=yes
ac_cv_header_sys_types_h=yes
ac_cv_header_unistd_h=yes
ac_cv_objext=o
ac_cv_prog_CPP='x86_64-linux-gnu-gcc -E'
ac_cv_prog_ac_ct_CC=x86_64-linux-gnu-gcc
ac_cv_prog_cc_g=yes
ac_cv_prog_cc_stdc=
ac_cv_prog_egrep='grep -E'

## ----------------- ##
## Output variables. ##
## ----------------- ##

AFLAG='-DALSA'
AINC=''
ALIB='-lasound'
AOBJ='jkAudIO_alsa.o'
CC='x86_64-linux-gnu-gcc'
CFLAGS='-fPIC -DUSE_TCL_STUBS -DUSE_TK_STUBS'
CPP='x86_64-linux-gnu-gcc -E'
CPPFLAGS=''
DEFS='-DPACKAGE_NAME=\"\" -DPACKAGE_TARNAME=\"\" -DPACKAGE_VERSION=\"\" -DPACKAGE_STRING=\"\" -DPACKAGE_BUGREPORT=\"\" -DSTDC_HEADERS=1 -DHAVE_SYS_TYPES_H=1 -DHAVE_SYS_STAT_H=1 -DHAVE_STDLIB_H=1 -DHAVE_STRING_H=1 -DHAVE_MEMORY_H=1 -DHAVE_STRINGS_H=1 -DHAVE_INTTYPES_H=1 -DHAVE_STDINT_H=1 -DHAVE_UNISTD_H=1 '
DOSTUBLIB='stublib'
ECHO_C=''
ECHO_N='-n'
ECHO_T=''
EGREP='grep -E'
EXEEXT=''
LDFLAGS=''
LD_SEARCH_FLAGS=''
LIBNIST=''
LIBOBJS=''
LIBOGG=''
LIBS=''
LTLIBOBJS=''
NISTINC=''
NISTLIBS='/libsp.a /libutil.a'
OBJEXT='o'
OGGINC='-I'
OGGLIBS='-L -lvorbisenc -lvorbis -logg'
PACKAGE_BUGREPORT=''
PACKAGE_NAME=''
PACKAGE_STRING=''
PACKAGE_TARNAME=''
PACKAGE_VERSION=''
PATH_SEPARATOR=':'
SHELL='/bin/bash'
SHLIB_LD='${CC} ${CFLAGS} ${LDFLAGS} -shared'
SHLIB_SUFFIX='.so'
SNACK_HINSTALL_PATH='${prefix}/include'
SNACK_INSTALL_PATH='${exec_prefix}/lib'
SNACK_LIB_SPEC='-L${exec_prefix}/lib -lsnack'
SNACK_STUB_LIB_FLAG='-lsnackstub2.2'
SNACK_VERSION='2.2'
STUBINITOBJ='snackStubInit.o'
TCLAPI='-DTCL_81_API'
TCLVER='8.6'
TCL_INCLUDE_SPEC='-I/usr/include/tcl8.6'
TCL_LIB_SPEC='-L/usr/lib/x86_64-linux-gnu -ltclstub8.6'
TCL_SRC_DIR='/usr/include/tcl8.6/tcl-private'
TK_LIBS='-lX11 -lXss -lXext -lXft -lfontconfig -lfreetype  -lfontconfig  -lpthread -ldl -lz  -lpthread -lm'
TK_LIB_SPEC='-L/usr/lib/x86_64-linux-gnu -ltkstub8.6'
TK_SRC_DIR='/usr/include/tcl8.6/tk-private'
XINCLUDES=''
ac_ct_CC='x86_64-linux-gnu-gcc'
bindir='${exec_prefix}/bin'
build_alias=''
datadir='${prefix}/share'
exec_prefix='/usr/local'
host_alias=''
includedir='${prefix}/include'
infodir='${prefix}/info'
libdir='${exec_prefix}/lib'
libexecdir='${exec_prefix}/libexec'
localstatedir='${prefix}/var'
mandir='${prefix}/man'
oldincludedir='/usr/include'
prefix='/usr/local'
program_transform_name='s,x,x,'
sbindir='${exec_prefix}/sbin'
sharedstatedir='${prefix}/com'
sysconfdir='${prefix}/etc'
target_alias=''

## ----------- ##
## confdefs.h. ##
## ----------- ##

#define HAVE_INTTYPES_H 1
#define HAVE_MEMORY_H 1
#define HAVE_STDINT_H 1
#define HAVE_STDLIB_H 1
#define HAVE_STRINGS_H 1
#define HAVE_STRING_H 1
#define HAVE_SYS_STAT_H 1
#define HAVE_SYS_TYPES_H 1
#define HAVE_UNISTD_H 1
#define PACKAGE_BUGREPORT ""
#define PACKAGE_NAME ""
#define PACKAGE_STRING ""
#define PACKAGE_TARNAME ""
#define PACKAGE_VERSION ""
#define STDC_HEADERS 1

configure: exit 0
